{
    "join (-m +any): variant count decreases from 12 to 8": {
        "content": [
            [
                "versions.yml:md5,ff760495922469e56d0fc3372773000d"
            ]
        ],
        "meta": {
            "nf-test": "0.9.3",
            "nextflow": "25.10.2"
        },
        "timestamp": "2026-05-26T12:39:24.880731376"
    },
    "split-multiallelic (-m -any): variant count increases from 8 to 12": {
        "content": [
            [
                "versions.yml:md5,ff760495922469e56d0fc3372773000d"
            ]
        ],
        "meta": {
            "nf-test": "0.9.3",
            "nextflow": "25.10.2"
        },
        "timestamp": "2026-05-26T12:39:16.797388185"
    },
    "basic norm (no -m flag): variant count preserved, one indel realigned": {
        "content": [
            [
                "versions.yml:md5,ff760495922469e56d0fc3372773000d"
            ]
        ],
        "meta": {
            "nf-test": "0.9.3",
            "nextflow": "25.10.2"
        },
        "timestamp": "2026-05-26T12:39:33.116350204"
    }
}