{
    "-profile test": {
        "content": [
            12,
            null,
            [
                "bcftools_index",
                "bcftools_index/test_sim_chr22_reheader.vcf.gz.tbi",
                "bcftools_reheader",
                "bcftools_reheader/test_sim_chr22_reheader.vcf.gz",
                "compute_gene_ranges",
                "compute_gene_ranges/test_sim_chr22_compute_ranges_gene_ranges.csv",
                "pipeline_info",
                "pipeline_info/nf-prepare-vcf_software_versions.yml",
                "plink2_ld_report",
                "plink2_ld_report/test_sim_chr22_ld_report.log",
                "plink2_ld_report/test_sim_chr22_ld_report.vcor"
            ],
            [
                "test_sim_chr22_reheader.vcf.gz.tbi:md5,88e4ddf409e50e840c6b26ec54f1ef85",
                "test_sim_chr22_reheader.vcf.gz:md5,7580e2fac0a7e5c444f0676ef5ca7543",
                "test_sim_chr22_compute_ranges_gene_ranges.csv:md5,832dc4ed28633570bbbfa832188c0a8d",
                "test_sim_chr22_ld_report.log:md5,81d2b522807b852cdacb74c3f3db96aa",
                "test_sim_chr22_ld_report.vcor:md5,f7d371f091042929ff9b9ff18987afe6"
            ]
        ],
        "meta": {
            "nf-test": "0.9.3",
            "nextflow": "25.10.2"
        },
        "timestamp": "2026-05-29T18:10:11.480648589"
    }
}