{
    "unprepared_rand_500 - vcf": {
        "content": [
            [
                "versions.yml:md5,fbbde8d6219303786ddb0f7de32d091b"
            ]
        ],
        "meta": {
            "nf-test": "0.9.3",
            "nextflow": "25.10.2"
        },
        "timestamp": "2026-09-03T22:35:48.698807244"
    }
}