{
    "should replace the header produced by CALC_DOSAGE_POLARSBIO with original header with DS format field added": {
        "content": [
            {
                "0": [
                    [
                        {
                            "id": "test",
                            "single_end": false
                        },
                        "test_reheader.vcf.gz:md5,5e20f91335437bbc1d15f528d1065b0a"
                    ]
                ],
                "1": [
                    "versions.yml:md5,31cc65afb0403a79df87786fca50cfec"
                ],
                "vcf": [
                    [
                        {
                            "id": "test",
                            "single_end": false
                        },
                        "test_reheader.vcf.gz:md5,5e20f91335437bbc1d15f528d1065b0a"
                    ]
                ],
                "versions": [
                    "versions.yml:md5,31cc65afb0403a79df87786fca50cfec"
                ]
            }
        ],
        "meta": {
            "nf-test": "0.9.3",
            "nextflow": "25.10.2"
        },
        "timestamp": "2026-04-01T18:11:15.29540177"
    }
}