{
    "should replace the header produced by CALC_DOSAGE_POLARSBIO with original header with DS format field added": {
        "content": [
            {
                "0": [
                    [
                        {
                            "id": "test",
                            "single_end": false
                        },
                        "test_reheader.vcf.gz:md5,4f86d728dd876ab69dec0d1f3e543077"
                    ]
                ],
                "1": [
                    "versions.yml:md5,31cc65afb0403a79df87786fca50cfec"
                ],
                "vcf": [
                    [
                        {
                            "id": "test",
                            "single_end": false
                        },
                        "test_reheader.vcf.gz:md5,4f86d728dd876ab69dec0d1f3e543077"
                    ]
                ],
                "versions": [
                    "versions.yml:md5,31cc65afb0403a79df87786fca50cfec"
                ]
            }
        ],
        "timestamp": "2026-09-17T20:07:21.142390577",
        "meta": {
            "nf-test": "0.9.5",
            "nextflow": "26.04.6"
        }
    }
}