{
    "sarscov2 - inject header lines via --header-lines, vcf output": {
        "content": [
            [
                "versions.yml:md5,a2d0c0e19854c3fda3386c7757a61171"
            ]
        ],
        "meta": {
            "nf-test": "0.9.3",
            "nextflow": "25.10.2"
        },
        "timestamp": "2026-05-29T18:03:18.481270357"
    },
    "sarscov2 - strip INFO/DP via -x flag, vcf.gz output": {
        "content": [
            [
                "versions.yml:md5,a2d0c0e19854c3fda3386c7757a61171"
            ]
        ],
        "meta": {
            "nf-test": "0.9.3",
            "nextflow": "25.10.2"
        },
        "timestamp": "2026-05-29T18:02:43.359878469"
    },
    "sarscov2 - write-index default (csi), vcf.gz output": {
        "content": [
            [
                "versions.yml:md5,a2d0c0e19854c3fda3386c7757a61171"
            ]
        ],
        "meta": {
            "nf-test": "0.9.3",
            "nextflow": "25.10.2"
        },
        "timestamp": "2026-05-29T18:02:55.466535675"
    },
    "sarscov2 - write-index=tbi, vcf.gz output": {
        "content": [
            [
                "versions.yml:md5,a2d0c0e19854c3fda3386c7757a61171"
            ]
        ],
        "meta": {
            "nf-test": "0.9.3",
            "nextflow": "25.10.2"
        },
        "timestamp": "2026-05-29T18:03:06.74143938"
    },
    "sarscov2 - rename chromosomes via --rename-chrs, vcf.gz output": {
        "content": [
            [
                "versions.yml:md5,a2d0c0e19854c3fda3386c7757a61171"
            ]
        ],
        "meta": {
            "nf-test": "0.9.3",
            "nextflow": "25.10.2"
        },
        "timestamp": "2026-05-29T18:03:29.847931623"
    }
}